Starting update...
Found 56 books in the library.
Processing 101Essays.html...
No changes for 101Essays.html
Processing 48LawsOfPower.html...
No changes for 48LawsOfPower.html
Processing AltarOfEden.html...
No changes for AltarOfEden.html
Processing Amazonia.html...
No changes for Amazonia.html
Processing AngelsAndDemons.html...
No changes for AngelsAndDemons.html
Processing Apurvai.html...
No changes for Apurvai.html
Processing ArcticStormRising.html...
No changes for ArcticStormRising.html
Processing Asura.html...
No changes for Asura.html
Processing AtomicHabits.html...
No changes for AtomicHabits.html
Processing AttitudeIsEverything.html...
No changes for AttitudeIsEverything.html
Processing BatatyachiChal.html...
No changes for BatatyachiChal.html
Processing Congo.html...
No changes for Congo.html
Processing DeepFathom.html...
No changes for DeepFathom.html
Processing DoEpicShit.html...
No changes for DoEpicShit.html
Processing Excavation.html...
No changes for Excavation.html
Processing Flow.html...
No changes for Flow.html
Processing HowToWinFriends.html...
No changes for HowToWinFriends.html
Processing IceHunt.html...
No changes for IceHunt.html
Processing Influence.html...
No changes for Influence.html
Processing JurassicPark.html...
No changes for JurassicPark.html
Processing MansSearchForMeaning.html...
No changes for MansSearchForMeaning.html
Processing MasterYourEmotions.html...
No changes for MasterYourEmotions.html
Processing Meditations.html...
No changes for Meditations.html
Processing MindFullToMindful.html...
No changes for MindFullToMindful.html
Processing Mrutyunjay.html...
No changes for Mrutyunjay.html
Processing OneForTheRoad.html...
No changes for OneForTheRoad.html
Processing Panipat.html...
No changes for Panipat.html
Processing Partner.html...
No changes for Partner.html
Processing Ravana.html...
No changes for Ravana.html
Processing ScionOfIkshvaku.html...
No changes for ScionOfIkshvaku.html
Processing Secreateofnagas.html...
No changes for Secreateofnagas.html
Processing Siddhartha.html...
No changes for Siddhartha.html
Processing Subterranean.html...
No changes for Subterranean.html
Processing The5AMClub.html...
No changes for The5AMClub.html
Processing The7Habits.html...
No changes for The7Habits.html
Processing TheAlchemist.html...
No changes for TheAlchemist.html
Processing TheAlmanackOfNavalRavikant.html...
No changes for TheAlmanackOfNavalRavikant.html
Processing TheAndromedaStrain.html...
No changes for TheAndromedaStrain.html
Processing TheBigQuestionsOfLife.html...
No changes for TheBigQuestionsOfLife.html
Processing TheCompoundEffect.html...
No changes for TheCompoundEffect.html
Processing TheDaVinciCode.html...
No changes for TheDaVinciCode.html
Processing TheGreatZooOfChina.html...
No changes for TheGreatZooOfChina.html
Processing TheImmortalsOfMeluha.html...
No changes for TheImmortalsOfMeluha.html
Processing TheLastTemplar.html...
No changes for TheLastTemplar.html
Processing TheLawsOfHumanNature.html...
No changes for TheLawsOfHumanNature.html
Processing TheLostCity.html...
No changes for TheLostCity.html
Processing TheMiracleMorning.html...
No changes for TheMiracleMorning.html
Processing TheOathOfTheVayuputras.html...
No changes for TheOathOfTheVayuputras.html
Processing ThePowerOfHabit.html...
No changes for ThePowerOfHabit.html
Processing ThePowerOfYourSubconsciousMind.html...
No changes for ThePowerOfYourSubconsciousMind.html
Processing ThePsychologyOfMoney.html...
No changes for ThePsychologyOfMoney.html
Processing TheSubtleArt.html...
No changes for TheSubtleArt.html
Processing ThinkingFastAndSlow.html...
No changes for ThinkingFastAndSlow.html
Processing Vapurza.html...
No changes for Vapurza.html
Processing VyaktiAniValli.html...
No changes for VyaktiAniValli.html
Processing Yayati.html...
No changes for Yayati.html
